// Jest Snapshot v1, https://goo.gl/fbAQLP

exports[`renders all the components snapshot test for App 1`] = `
<div
  className="App"
>
  <main
    className="page__todos"
  >
    <header
      className="header"
    >
      <h1
        className="header__title"
      >
        my to-do lists
      </h1>
    </header>
    <p>
      loading todo lists...
    </p>
  </main>
</div>
`;
